// Vitest Snapshot v1

exports[`Tabs > should render snapshot 1`] = `
<div
  class="_tab_headers_10lhs_42 _flat_10lhs_96"
  role="tablist"
>
  <div
    aria-controls="rc-tab-panel-yWFKJmgxh9ibi-t-CHO52"
    aria-selected="true"
    class="_tab_head_10lhs_1 _tab_head_selected_10lhs_168 _tab_head_flat_10lhs_165 _tab_head_sm_10lhs_5"
    id="rc-tab-yWFKJmgxh9ibi-t-CHO52"
    role="tab"
    style="outline: none; position: relative;"
    tabindex="0"
  >
    <span
      class="_tab_header_label_10lhs_5 undefined"
    >
      one
    </span>
    <span
      class="_focus_ring_4fy2t_1"
      style="width: 6px; height: 6px;"
    />
  </div>
  <div
    aria-controls="rc-tab-panel-F5RMvwqiDgW0KxQAJkvK_"
    aria-selected="false"
    class="_tab_head_10lhs_1 _tab_head_flat_10lhs_165 _tab_head_sm_10lhs_5"
    id="rc-tab-F5RMvwqiDgW0KxQAJkvK_"
    role="tab"
    style="outline: none; position: relative;"
    tabindex="-1"
  >
    <span
      class="_tab_header_label_10lhs_5 undefined"
    >
      two
    </span>
    <span
      class="_focus_ring_4fy2t_1"
      style="width: 6px; height: 6px;"
    />
  </div>
  <div
    aria-controls="rc-tab-panel-P2g513g2mZ0OxLUZJOZXg"
    aria-selected="false"
    class="_tab_head_10lhs_1 _tab_head_flat_10lhs_165 _tab_head_sm_10lhs_5"
    id="rc-tab-P2g513g2mZ0OxLUZJOZXg"
    role="tab"
    style="outline: none; position: relative;"
    tabindex="-1"
  >
    <span
      class="_tab_header_label_10lhs_5 undefined"
    >
      three
    </span>
    <span
      class="_focus_ring_4fy2t_1"
      style="width: 6px; height: 6px;"
    />
  </div>
</div>
`;
