// Vitest Snapshot v1

exports[`Breadcrumb > should render snapshot 1`] = `
<ul
  aria-label="breadcrumbs"
  class="_bread_crumbs_wrapper_1ju3c_42"
  role="navigation"
>
  <li
    class="_bread_crumb_1ju3c_1"
  >
    <span
      class="_bread_crumb_node_1ju3c_1 _bread_crumb_node_sm_1ju3c_5"
    >
      <a
        class="_link_apynu_1 _sm_apynu_19 _highlight_apynu_82"
        style="outline: none; position: relative;"
        tabindex="0"
      >
        <span
          class="_text_apynu_19"
        >
          google
        </span>
        <span
          class="focus_ring"
          style="width: 6px; height: 6px;"
        />
      </a>
    </span>
    <span
      class="_bread_crumb_icon_1ju3c_17 _bread_crumb_icon_sm_1ju3c_17"
    >
      <svg
        fill="none"
        stroke="currentColor"
        stroke-linecap="round"
        stroke-linejoin="round"
        stroke-width="2"
        viewBox="0 0 24 24"
        xmlns="http://www.w3.org/2000/svg"
      >
        <path
          d="M9 18l6-6-6-6"
        />
      </svg>
    </span>
  </li>
  <li
    class="_bread_crumb_1ju3c_1"
  >
    <span
      class="_bread_crumb_node_1ju3c_1 _bread_crumb_node_sm_1ju3c_5"
    >
      <a
        class="_link_apynu_1 _sm_apynu_19"
        style="outline: none; position: relative;"
        tabindex="0"
      >
        <span
          class="_text_apynu_19"
        >
          yahoo
        </span>
        <span
          class="focus_ring"
          style="width: 6px; height: 6px;"
        />
      </a>
    </span>
    <span
      class="_bread_crumb_icon_1ju3c_17 _bread_crumb_icon_sm_1ju3c_17"
    >
      <svg
        fill="none"
        stroke="currentColor"
        stroke-linecap="round"
        stroke-linejoin="round"
        stroke-width="2"
        viewBox="0 0 24 24"
        xmlns="http://www.w3.org/2000/svg"
      >
        <path
          d="M9 18l6-6-6-6"
        />
      </svg>
    </span>
  </li>
  <li
    class="_bread_crumb_1ju3c_1"
  >
    <span
      class="_bread_crumb_node_1ju3c_1 _bread_crumb_node_sm_1ju3c_5"
    >
      <a
        class="_link_apynu_1 _sm_apynu_19"
        style="outline: none; position: relative;"
        tabindex="0"
      >
        <span
          class="_text_apynu_19"
        >
          amazon
        </span>
        <span
          class="focus_ring"
          style="width: 6px; height: 6px;"
        />
      </a>
    </span>
  </li>
</ul>
`;
