// Vitest Snapshot v1

exports[`Breadcrumb > should render snapshot 1`] = `
<ul
  aria-label="breadcrumbs"
  class="_bread_crumbs_wrapper_1a3sh_42"
  role="navigation"
>
  <li
    class="_bread_crumb_1a3sh_1"
  >
    <span
      class="_bread_crumb_node_1a3sh_1 _bread_crumb_node_sm_1a3sh_5"
    >
      <a
        class="_link_17m9z_1 _sm_17m9z_19 _highlight_17m9z_82"
        style="outline: none; position: relative;"
        tabindex="0"
      >
        <span
          class="_text_17m9z_19"
        >
          google
        </span>
        <span
          class="_focus_ring_4fy2t_1"
          style="width: 6px; height: 6px;"
        />
      </a>
    </span>
    <span
      class="_bread_crumb_icon_1a3sh_17 _bread_crumb_icon_sm_1a3sh_17"
    >
      <svg
        fill="none"
        stroke="currentColor"
        stroke-linecap="round"
        stroke-linejoin="round"
        stroke-width="2"
        viewBox="0 0 24 24"
        xmlns="http://www.w3.org/2000/svg"
      >
        <path
          d="M9 18l6-6-6-6"
        />
      </svg>
    </span>
  </li>
  <li
    class="_bread_crumb_1a3sh_1"
  >
    <span
      class="_bread_crumb_node_1a3sh_1 _bread_crumb_node_sm_1a3sh_5"
    >
      <a
        class="_link_17m9z_1 _sm_17m9z_19"
        style="outline: none; position: relative;"
        tabindex="0"
      >
        <span
          class="_text_17m9z_19"
        >
          yahoo
        </span>
        <span
          class="_focus_ring_4fy2t_1"
          style="width: 6px; height: 6px;"
        />
      </a>
    </span>
    <span
      class="_bread_crumb_icon_1a3sh_17 _bread_crumb_icon_sm_1a3sh_17"
    >
      <svg
        fill="none"
        stroke="currentColor"
        stroke-linecap="round"
        stroke-linejoin="round"
        stroke-width="2"
        viewBox="0 0 24 24"
        xmlns="http://www.w3.org/2000/svg"
      >
        <path
          d="M9 18l6-6-6-6"
        />
      </svg>
    </span>
  </li>
  <li
    class="_bread_crumb_1a3sh_1"
  >
    <span
      class="_bread_crumb_node_1a3sh_1 _bread_crumb_node_sm_1a3sh_5"
    >
      <a
        class="_link_17m9z_1 _sm_17m9z_19"
        style="outline: none; position: relative;"
        tabindex="0"
      >
        <span
          class="_text_17m9z_19"
        >
          amazon
        </span>
        <span
          class="_focus_ring_4fy2t_1"
          style="width: 6px; height: 6px;"
        />
      </a>
    </span>
  </li>
</ul>
`;
