// Vitest Snapshot v1, https://vitest.dev/guide/snapshot.html

exports[`Carousel Track > Should render the track snapshot 1`] = `
<ul
  class="_track_4fc414 _track_horizontal_4fc414"
  role="list"
>
  <li
    class="_track_item_4fc414"
    role="listitem"
  />
  <li
    class="_track_item_4fc414 _track_item_selected_4fc414"
    role="listitem"
  />
  <li
    class="_track_item_4fc414"
    role="listitem"
  />
</ul>
`;
