// Jest Snapshot v1, https://goo.gl/fbAQLP

exports[`Carousel Button should render carousel button snapshot 1`] = `
<button
  aria-label="previous"
  class="rc-btn-sm rc-btn-icon rc-btn"
  role="button"
  style="outline: none;"
  tabindex="0"
>
  <span
    class="rc-btn-icon-container"
  >
    <svg
      fill="none"
      stroke="currentColor"
      stroke-linecap="round"
      stroke-linejoin="round"
      stroke-width="2"
      viewBox="0 0 24 24"
      xmlns="http://www.w3.org/2000/svg"
    >
      <path
        d="M9 18l6-6-6-6"
      />
    </svg>
  </span>
</button>
`;
