// Vitest Snapshot v1

exports[`Button > should render button snapshot 1`] = `
<div
  aria-label="My Button"
  class="_btn_sm_13o6m_1 _btn_default_13o6m_9 _btn_13o6m_1"
  role="button"
  style="outline: none; position: relative;"
  tabindex="0"
>
  <span
    class="_btn_label_13o6m_13"
  >
    My Button
  </span>
  <span
    class="rc-focus-ring"
    style="width: 6px; height: 6px;"
  />
</div>
`;
