// Vitest Snapshot v1

exports[`Button > should render button snapshot 1`] = `
<div
  aria-label="My Button"
  class="_sm_lbj5p_1 _default_lbj5p_12 _btn_lbj5p_202"
  role="button"
  style="outline: none; position: relative;"
  tabindex="0"
>
  <span
    class="_label_lbj5p_19"
  >
    My Button
  </span>
  <span
    class="_focus_ring_4fy2t_1"
    style="width: 6px; height: 6px;"
  />
</div>
`;
