// Vitest Snapshot v1

exports[`Accordion > should render snapshot 1`] = `
<div
  class="rc-accordion rc-accordion-no-border"
  style="--max-height: 0px; --title-color: #000; --transition: cubic-bezier(0.19, 1, 0.22, 1);"
>
  <div
    aria-controls="accordion-body-uy3sRbP8GxciqfDFQc2Kt"
    aria-expanded="false"
    class="rc-accordion-header rc-accordion-focusable"
    id="accordion-MounNkzkgcJKtxMQ-Io9H"
    role="button"
    style="outline: none; position: relative;"
    tabindex="0"
  >
    <span
      class="rc-accordion-icon rc-accordion-icon-chevron"
    >
      <svg
        fill="none"
        stroke="currentColor"
        stroke-linecap="round"
        stroke-linejoin="round"
        stroke-width="2"
        viewBox="0 0 24 24"
        xmlns="http://www.w3.org/2000/svg"
      >
        <path
          d="M9 18l6-6-6-6"
        />
      </svg>
    </span>
    <span
      class="rc-accordion-title"
    />
    <span
      class="rc-focus-ring"
      style="width: 6px; height: 6px;"
    />
  </div>
  <div
    aria-labelledby="accordion-MounNkzkgcJKtxMQ-Io9H"
    class="rc-accordion-body rc-accordion-close"
    id="accordion-body-uy3sRbP8GxciqfDFQc2Kt"
    style="--max-height: 0px; --title-color: #000; --transition: cubic-bezier(0.19, 1, 0.22, 1);"
  >
    <p>
      this is a test
    </p>
  </div>
</div>
`;
