// Jest Snapshot v1, https://goo.gl/fbAQLP

exports[`Accordion should render snapshot 1`] = `
<div
  class="rc-accordion"
>
  <div
    class="rc-accordion-header"
  >
    <span
      class="rc-accordion-icon"
      role="button"
      tabindex="0"
    >
      <svg
        fill="none"
        height="24"
        stroke="currentColor"
        stroke-linecap="round"
        stroke-linejoin="round"
        stroke-width="2"
        viewBox="0 0 24 24"
        width="24"
        xmlns="http://www.w3.org/2000/svg"
      >
        <path
          d="M9 18l6-6-6-6"
        />
      </svg>
    </span>
    <span
      class="rc-accordion-title"
    />
  </div>
  <div
    class="rc-accordion-body rc-accordion-close"
    style="--max-height: 0px;"
  >
    <p>
      this is a test
    </p>
  </div>
</div>
`;
