// Vitest Snapshot v1, https://vitest.dev/guide/snapshot.html

exports[`Avatar > should render avatar with default props 1`] = `
<div>
  <div
    class="_avatar_61bc79 _sm_61bc79"
    role="img"
  >
    <span
      class="_icon_container_61bc79"
    >
      <svg
        class="feather feather-user"
        fill="none"
        stroke="currentColor"
        stroke-linecap="round"
        stroke-linejoin="round"
        stroke-width="2"
        viewBox="0 0 24 24"
        xmlns="http://www.w3.org/2000/svg"
      >
        <path
          d="M20 21v-2a4 4 0 0 0-4-4H8a4 4 0 0 0-4 4v2"
        />
        <circle
          cx="12"
          cy="7"
          r="4"
        />
      </svg>
    </span>
  </div>
</div>
`;
