// Vitest Snapshot v1

exports[`Accordion > should render snapshot 1`] = `
<div
  class="_accordion_ijvkp_1 _no-border_ijvkp_1"
>
  <div
    aria-controls="accordion-body-DJqgNvUPlufUriHiaywJz"
    aria-expanded="false"
    class="_header_197zm_1 undefined"
    id="accordion-Zbw3g4DKGvHjDx4aoI-kN"
    role="button"
    style="--rc-accordion-header-height: 35px; outline: none; position: relative;"
    tabindex="0"
  >
    <span
      class="_icon_197zm_29 undefined _icon-sm_197zm_29"
      role="img"
    >
      <svg
        fill="none"
        stroke="currentColor"
        stroke-linecap="round"
        stroke-linejoin="round"
        stroke-width="2"
        viewBox="0 0 24 24"
        xmlns="http://www.w3.org/2000/svg"
      >
        <path
          d="M9 18l6-6-6-6"
        />
      </svg>
    </span>
    <span
      class="_title_197zm_5 _title_sm_197zm_5"
    />
    <span
      class="_focus_ring_4fy2t_1"
      style="width: 6px; height: 6px;"
    />
  </div>
  <div
    aria-labelledby="accordion-Zbw3g4DKGvHjDx4aoI-kN"
    class="_body_ijvkp_29 _animate_ijvkp_34 _close_ijvkp_41"
    id="accordion-body-DJqgNvUPlufUriHiaywJz"
    style="--title-color: #000; --transition: cubic-bezier(0.19, 1, 0.22, 1); --max-height: 0px;"
  >
    <div
      style="height: 0px; visibility: hidden;"
    />
  </div>
</div>
`;
