// Vitest Snapshot v1

exports[`Transfer > should render transfer snapshot 1`] = `
<div
  class="transfer-wrapper"
>
  <section
    class="transfer-column1"
  >
    <div
      class="rc-list rc-list-border"
      style="--rc-list-bg-color: #fff; --rc-list-max-height: 350px; --rc-list-min-height: 100px;"
    >
      <div
        class="rc-list-options-wrapper"
      >
        <ul
          aria-label="rc-list-label-undefined"
          class="rc-list-options"
          role="listbox"
          style="--rc-list-height: 185px;"
        >
          <li
            aria-checked="false"
            class="rc-list-option"
            role="option"
            style="height: 40px; top: 5px;"
            tabindex="0"
          >
            <div
              class="rc-list-item-wrapper"
              style="width: 100%;"
            >
              <div
                class="rc-list-option-value-wrapper rc-list-option-sm"
                style="--text-color: #000;"
              >
                <span
                  class="rc-list-option-icon"
                >
                  <svg
                    class="prefix__feather prefix__feather-check"
                    fill="none"
                    stroke="currentColor"
                    stroke-linecap="round"
                    stroke-linejoin="round"
                    stroke-width="2"
                    viewBox="0 0 24 24"
                    xmlns="http://www.w3.org/2000/svg"
                  >
                    <path
                      d="M20 6L9 17l-5-5"
                    />
                  </svg>
                </span>
                <span
                  class="rc-list-option-value"
                >
                  five
                </span>
              </div>
            </div>
          </li>
          <li
            aria-checked="false"
            class="rc-list-option"
            role="option"
            style="height: 40px; top: 50px;"
            tabindex="0"
          >
            <div
              class="rc-list-item-wrapper"
              style="width: 100%;"
            >
              <div
                class="rc-list-option-value-wrapper rc-list-option-sm"
                style="--text-color: #000;"
              >
                <span
                  class="rc-list-option-icon"
                >
                  <svg
                    class="prefix__feather prefix__feather-check"
                    fill="none"
                    stroke="currentColor"
                    stroke-linecap="round"
                    stroke-linejoin="round"
                    stroke-width="2"
                    viewBox="0 0 24 24"
                    xmlns="http://www.w3.org/2000/svg"
                  >
                    <path
                      d="M20 6L9 17l-5-5"
                    />
                  </svg>
                </span>
                <span
                  class="rc-list-option-value"
                >
                  one
                </span>
              </div>
            </div>
          </li>
          <li
            aria-checked="false"
            class="rc-list-option"
            role="option"
            style="height: 40px; top: 95px;"
            tabindex="0"
          >
            <div
              class="rc-list-item-wrapper"
              style="width: 100%;"
            >
              <div
                class="rc-list-option-value-wrapper rc-list-option-sm"
                style="--text-color: #000;"
              >
                <span
                  class="rc-list-option-icon"
                >
                  <svg
                    class="prefix__feather prefix__feather-check"
                    fill="none"
                    stroke="currentColor"
                    stroke-linecap="round"
                    stroke-linejoin="round"
                    stroke-width="2"
                    viewBox="0 0 24 24"
                    xmlns="http://www.w3.org/2000/svg"
                  >
                    <path
                      d="M20 6L9 17l-5-5"
                    />
                  </svg>
                </span>
                <span
                  class="rc-list-option-value"
                >
                  six
                </span>
              </div>
            </div>
          </li>
          <li
            aria-checked="false"
            class="rc-list-option"
            role="option"
            style="height: 40px; top: 140px;"
            tabindex="0"
          >
            <div
              class="rc-list-item-wrapper"
              style="width: 100%;"
            >
              <div
                class="rc-list-option-value-wrapper rc-list-option-sm"
                style="--text-color: #000;"
              >
                <span
                  class="rc-list-option-icon"
                >
                  <svg
                    class="prefix__feather prefix__feather-check"
                    fill="none"
                    stroke="currentColor"
                    stroke-linecap="round"
                    stroke-linejoin="round"
                    stroke-width="2"
                    viewBox="0 0 24 24"
                    xmlns="http://www.w3.org/2000/svg"
                  >
                    <path
                      d="M20 6L9 17l-5-5"
                    />
                  </svg>
                </span>
                <span
                  class="rc-list-option-value"
                >
                  two
                </span>
              </div>
            </div>
          </li>
        </ul>
      </div>
    </div>
  </section>
  <section
    class="transfer-control-column"
  >
    <div
      aria-label=""
      class="rc-disabled rc-btn-sm rc-btn-icon rc-btn"
      role="button"
      style="outline: none; position: relative;"
      tabindex="0"
    >
      <span
        class="rc-btn-icon-container"
        role="img"
      >
        <svg
          fill="none"
          stroke="currentColor"
          stroke-linecap="round"
          stroke-linejoin="round"
          stroke-width="2"
          viewBox="0 0 24 24"
          xmlns="http://www.w3.org/2000/svg"
        >
          <path
            d="M9 18l6-6-6-6"
          />
        </svg>
      </span>
      <span
        class="rc-focus-ring"
        style="width: 6px; height: 6px;"
      />
    </div>
    <div
      aria-label=""
      class="rc-disabled rc-btn-sm rc-btn-icon rc-btn"
      role="button"
      style="transform: rotate(180deg); outline: none; position: relative;"
      tabindex="0"
    >
      <span
        class="rc-btn-icon-container"
        role="img"
      >
        <svg
          fill="none"
          stroke="currentColor"
          stroke-linecap="round"
          stroke-linejoin="round"
          stroke-width="2"
          viewBox="0 0 24 24"
          xmlns="http://www.w3.org/2000/svg"
        >
          <path
            d="M9 18l6-6-6-6"
          />
        </svg>
      </span>
      <span
        class="rc-focus-ring"
        style="width: 6px; height: 6px;"
      />
    </div>
  </section>
  <section
    class="transfer-column2"
  >
    <div
      class="rc-list rc-list-border"
      style="--rc-list-bg-color: #fff; --rc-list-max-height: 350px; --rc-list-min-height: 100px;"
    >
      <div
        class="rc-list-options-wrapper"
      >
        <ul
          aria-label="rc-list-label-undefined"
          class="rc-list-options"
          role="listbox"
          style="--rc-list-height: 185px;"
        >
          <li
            aria-checked="false"
            class="rc-list-option"
            role="option"
            style="height: 40px; top: 5px;"
            tabindex="0"
          >
            <div
              class="rc-list-item-wrapper"
              style="width: 100%;"
            >
              <div
                class="rc-list-option-value-wrapper rc-list-option-sm"
                style="--text-color: #000;"
              >
                <span
                  class="rc-list-option-icon"
                >
                  <svg
                    class="prefix__feather prefix__feather-check"
                    fill="none"
                    stroke="currentColor"
                    stroke-linecap="round"
                    stroke-linejoin="round"
                    stroke-width="2"
                    viewBox="0 0 24 24"
                    xmlns="http://www.w3.org/2000/svg"
                  >
                    <path
                      d="M20 6L9 17l-5-5"
                    />
                  </svg>
                </span>
                <span
                  class="rc-list-option-value"
                >
                  eight
                </span>
              </div>
            </div>
          </li>
          <li
            aria-checked="false"
            class="rc-list-option"
            role="option"
            style="height: 40px; top: 50px;"
            tabindex="0"
          >
            <div
              class="rc-list-item-wrapper"
              style="width: 100%;"
            >
              <div
                class="rc-list-option-value-wrapper rc-list-option-sm"
                style="--text-color: #000;"
              >
                <span
                  class="rc-list-option-icon"
                >
                  <svg
                    class="prefix__feather prefix__feather-check"
                    fill="none"
                    stroke="currentColor"
                    stroke-linecap="round"
                    stroke-linejoin="round"
                    stroke-width="2"
                    viewBox="0 0 24 24"
                    xmlns="http://www.w3.org/2000/svg"
                  >
                    <path
                      d="M20 6L9 17l-5-5"
                    />
                  </svg>
                </span>
                <span
                  class="rc-list-option-value"
                >
                  four
                </span>
              </div>
            </div>
          </li>
          <li
            aria-checked="false"
            class="rc-list-option"
            role="option"
            style="height: 40px; top: 95px;"
            tabindex="0"
          >
            <div
              class="rc-list-item-wrapper"
              style="width: 100%;"
            >
              <div
                class="rc-list-option-value-wrapper rc-list-option-sm"
                style="--text-color: #000;"
              >
                <span
                  class="rc-list-option-icon"
                >
                  <svg
                    class="prefix__feather prefix__feather-check"
                    fill="none"
                    stroke="currentColor"
                    stroke-linecap="round"
                    stroke-linejoin="round"
                    stroke-width="2"
                    viewBox="0 0 24 24"
                    xmlns="http://www.w3.org/2000/svg"
                  >
                    <path
                      d="M20 6L9 17l-5-5"
                    />
                  </svg>
                </span>
                <span
                  class="rc-list-option-value"
                >
                  seven
                </span>
              </div>
            </div>
          </li>
          <li
            aria-checked="false"
            class="rc-list-option"
            role="option"
            style="height: 40px; top: 140px;"
            tabindex="0"
          >
            <div
              class="rc-list-item-wrapper"
              style="width: 100%;"
            >
              <div
                class="rc-list-option-value-wrapper rc-list-option-sm"
                style="--text-color: #000;"
              >
                <span
                  class="rc-list-option-icon"
                >
                  <svg
                    class="prefix__feather prefix__feather-check"
                    fill="none"
                    stroke="currentColor"
                    stroke-linecap="round"
                    stroke-linejoin="round"
                    stroke-width="2"
                    viewBox="0 0 24 24"
                    xmlns="http://www.w3.org/2000/svg"
                  >
                    <path
                      d="M20 6L9 17l-5-5"
                    />
                  </svg>
                </span>
                <span
                  class="rc-list-option-value"
                >
                  three
                </span>
              </div>
            </div>
          </li>
        </ul>
      </div>
    </div>
  </section>
</div>
`;
